Flow report for fpga
Mon Jun  8 16:57:14 2026
Quartus Prime Version 25.1std.0 Build 1129 10/21/2025 SC Lite Edition


---------------------
; Table of Contents ;
---------------------
  1. Legal Notice
  2. Flow Summary
  3. Flow Settings
  4. Flow Non-Default Global Settings
  5. Flow Elapsed Time
  6. Flow OS Summary
  7. Flow Log
  8. Flow Messages
  9. Flow Suppressed Messages



----------------
; Legal Notice ;
----------------
Copyright (C) 2025  Altera Corporation. All rights reserved.
Your use of Altera Corporation's design tools, logic functions 
and other software and tools, and any partner logic 
functions, and any output files from any of the foregoing 
(including device programming or simulation files), and any 
associated documentation or information are expressly subject 
to the terms and conditions of the Altera Program License 
Subscription Agreement, the Altera Quartus Prime License Agreement,
the Altera IP License Agreement, or other applicable license
agreement, including, without limitation, that your use is for
the sole purpose of programming logic devices manufactured by
Altera and sold by Altera or its authorized distributors.  Please
refer to the Altera Software License Subscription Agreements 
on the Quartus Prime software download page.



+--------------------------------------------------------------------------------------+
; Flow Summary                                                                         ;
+------------------------------------+-------------------------------------------------+
; Flow Status                        ; Successful - Mon Jun  8 16:57:11 2026           ;
; Quartus Prime Version              ; 25.1std.0 Build 1129 10/21/2025 SC Lite Edition ;
; Revision Name                      ; fpga                                            ;
; Top-level Entity Name              ; mini_cpu_fpga                                   ;
; Family                             ; Cyclone IV E                                    ;
; Total logic elements               ; 1,049 / 6,272 ( 17 % )                          ;
;     Total combinational functions  ; 1,026 / 6,272 ( 16 % )                          ;
;     Dedicated logic registers      ; 483 / 6,272 ( 8 % )                             ;
; Total registers                    ; 483                                             ;
; Total pins                         ; 32 / 92 ( 35 % )                                ;
; Total virtual pins                 ; 0                                               ;
; Total memory bits                  ; 0 / 276,480 ( 0 % )                             ;
; Embedded Multiplier 9-bit elements ; 2 / 30 ( 7 % )                                  ;
; Total PLLs                         ; 0 / 2 ( 0 % )                                   ;
; Device                             ; EP4CE6E22C6                                     ;
; Timing Models                      ; Final                                           ;
+------------------------------------+-------------------------------------------------+


+-----------------------------------------+
; Flow Settings                           ;
+-------------------+---------------------+
; Option            ; Setting             ;
+-------------------+---------------------+
; Start date & time ; 06/08/2026 16:56:45 ;
; Main task         ; Compilation         ;
; Revision Name     ; fpga                ;
+-------------------+---------------------+


+--------------------------------------------------------------------------------------------------------------------------------------+
; Flow Non-Default Global Settings                                                                                                     ;
+-------------------------------------+---------------------------------------------------+---------------+---------------+------------+
; Assignment Name                     ; Value                                             ; Default Value ; Entity Name   ; Section Id ;
+-------------------------------------+---------------------------------------------------+---------------+---------------+------------+
; COMPILER_SIGNATURE_ID               ; 159285306008174.178094860501669                   ; --            ; --            ; --         ;
; PARTITION_COLOR                     ; -- (Not supported for targeted family)            ; --            ; mini_cpu_fpga ; Top        ;
; PARTITION_FITTER_PRESERVATION_LEVEL ; -- (Not supported for targeted family)            ; --            ; mini_cpu_fpga ; Top        ;
; PARTITION_NETLIST_TYPE              ; -- (Not supported for targeted family)            ; --            ; mini_cpu_fpga ; Top        ;
; PROJECT_OUTPUT_DIRECTORY            ; output_files                                      ; --            ; --            ; --         ;
; SEARCH_PATH                         ; /home/loki0b/eecs/projects/Projeto-2---SD/include ; --            ; --            ; --         ;
; TOP_LEVEL_ENTITY                    ; mini_cpu_fpga                                     ; fpga          ; --            ; --         ;
+-------------------------------------+---------------------------------------------------+---------------+---------------+------------+


+--------------------------------------------------------------------------------------------------------------------------+
; Flow Elapsed Time                                                                                                        ;
+----------------------+--------------+-------------------------+---------------------+------------------------------------+
; Module Name          ; Elapsed Time ; Average Processors Used ; Peak Virtual Memory ; Total CPU Time (on all processors) ;
+----------------------+--------------+-------------------------+---------------------+------------------------------------+
; Analysis & Synthesis ; 00:00:11     ; 1.0                     ; 430 MB              ; 00:00:23                           ;
; Fitter               ; 00:00:11     ; 1.1                     ; 957 MB              ; 00:00:12                           ;
; Assembler            ; 00:00:01     ; 1.0                     ; 342 MB              ; 00:00:01                           ;
; Timing Analyzer      ; 00:00:02     ; 1.3                     ; 494 MB              ; 00:00:02                           ;
; Total                ; 00:00:25     ; --                      ; --                  ; 00:00:38                           ;
+----------------------+--------------+-------------------------+---------------------+------------------------------------+


+------------------------------------------------------------------------------------+
; Flow OS Summary                                                                    ;
+----------------------+------------------+------------+------------+----------------+
; Module Name          ; Machine Hostname ; OS Name    ; OS Version ; Processor type ;
+----------------------+------------------+------------+------------+----------------+
; Analysis & Synthesis ; 4rch             ; Arch Linux ; Arch Linux ; x86_64         ;
; Fitter               ; 4rch             ; Arch Linux ; Arch Linux ; x86_64         ;
; Assembler            ; 4rch             ; Arch Linux ; Arch Linux ; x86_64         ;
; Timing Analyzer      ; 4rch             ; Arch Linux ; Arch Linux ; x86_64         ;
+----------------------+------------------+------------+------------+----------------+


------------
; Flow Log ;
------------
quartus_map --read_settings_files=on --write_settings_files=off control-unit -c fpga
quartus_fit --read_settings_files=off --write_settings_files=off control-unit -c fpga
quartus_asm --read_settings_files=off --write_settings_files=off control-unit -c fpga
quartus_sta control-unit -c fpga



